// Vitest Snapshot v1, https://vitest.dev/guide/snapshot.html

exports[`visual rendering > crop > golden snapshot: horizontal flip 1`] = `"data:image/png;base64,iVBORw0KGgoAAAANSUhEUgAAAGQAAABkCAYAAABw4pVUAAACCElEQVR4AeyTQYoDQRDDhvz/z9kf+CBwtzOrQE6F3TUS9fk+z/cN/5d8xvfz+JsioJApHc+jEIWMERhbxwtRyBiBsXW8EIWMERhbxwv5F0LGPvKX1vFCxmwpRCFjBMbW8UIUMkZgbB0vRCFjBMbW8UIUMkZgbJ1fupAxdJ11FNLhilsVgtF1ggrpcMWtCsHoOkGFdLjiVoVgdJ2gQjpccatCMLpOUCEdrrhVIRhdJ6iQDlfcqhCMrhNUSIcrblUIRtcJKqTDFbcqBKPrBBXS4YpbFYLRdYIK6XDFrQrB6GIQDxWC0XWCCulwxa0Kweg6QYV0uOJWhWB0naBCOlxxq0Iwuk5QIR2uuFUhGF0nqJAOV9waheBWg5iAQjC6TlAhHa64VSEYXSeokA5X3KoQjK4TVEiHK25VCEbXCSqkwxW3KgSj6wQvCOl8yFtaFTJmUiEKGSMwto4XopAxAmPreCEKGSMwto4XopAxAmPrvOZCxrjidRSC0XWCCulwxa0Kweg6QYV0uOJWhWB0naBCOlxxq0Iwuk5QIR2uuFUhGF0nqJDI9fxQIeeZxxcVEvGcHyrkPPP4okIinvNDhZxnHl9USMRzfqiQ88zjiwqJeM4PFXKeeXxRIRFPZ5haFZLoXJgp5AL09KRCEp0LM4VcgJ6eVEiic2GmkAvQ05MKSXQuzBRyAXp68g8AAP//SdrotQAAAAZJREFUAwDdksgB6O8LZAAAAABJRU5ErkJggg=="`;

exports[`visual rendering > crop > golden snapshot: left-half crop 1`] = `"data:image/png;base64,iVBORw0KGgoAAAANSUhEUgAAAGQAAABkCAYAAABw4pVUAAACDElEQVR4AeyTwW0DQRDDDm4spac0pwM9CGhXdmjAr4G0cyTm9X6et/8NBr/Pz/v1+JsioJApHc+jEIWMERhbxwtRyBiBsXW8EIWMERhbxwv5F0LGPvKT1vFCxmwpRCFjBMbW8UIUMkZgbB0vRCFjBMbW8UIUMkZgbJ1PupAxdJ11FNLhilsVgtF1ggrpcMWtCsHoOkGFdLjiVoVgdJ2gQjpccatCMLpOUCEdrrhVIRhdJ6iQDlfcqhCMrhNUSIcrblUIRtcJKqTDFbcqBKPrBBXS4YpbFYLRdYIK6XDFrQrB6GIQDxWC0XWCCulwxa0Kweg6QYV0uOJWhWB0naBCOlxxq0Iwuk5QIR2uuFUhGF0nqJAOV9waheBWg5iAQjC6TlAhHa64VSEYXSeokA5X3KoQjK4TVEiHK25VCEbXCSqkwxW3KgSj6wQvCOl8yLe0KmTMpEIUMkZgbB0vRCFjBMbW8UIUMkZgbB0vRCFjBMbW+ZoLGeOK11EIRtcJKqTDFbcqBKPrBBXS4YpbFYLRdYIK6XDFrQrB6DpBhXS44laFYHSdoEIi1/NDhZxnHl9USMRzfqiQ88zjiwqJeM4PFXKeeXxRIRHP+aFCzjOPLyok4jk/VMh55vFFhUQ8nWFqVUiic2GmkAvQ05MKSXQuzBRyAXp6UiGJzoWZQi5AT08qJNG5MFPIBejpyT8AAAD//wJkjJEAAAAGSURBVAMApZnIAD02XGAAAAAASUVORK5CYII="`;

exports[`visual rendering > crop > golden snapshot: right-half crop 1`] = `"data:image/png;base64,iVBORw0KGgoAAAANSUhEUgAAAGQAAABkCAYAAABw4pVUAAACC0lEQVR4AeyTwW0DQRDDDm4spac0pwM9CGhXdmjAr4G0cyTm9fP8vp/n7X+EwevxN0VAIVM6nkchChkjMLaOF6KQMQJj63ghChkjMLaOF/IvhIx95Cet44WM2VKIQsYIjK3jhShkjMDYOl6IQsYIjK3jhShkjMDYOp90IWPoOusopMMVtyoEo+sEFdLhilsVgtF1ggrpcMWtCsHoOkGFdLjiVoVgdJ2gQjpccatCMLpOUCEdrrhVIRhdJ6iQDlfcqhCMrhNUSIcrblUIRtcJKqTDFbcqBKPrBBXS4YpbFYLRxSAeKgSj6wQV0uGKWxWC0XWCCulwxa0Kweg6QYV0uOJWhWB0naBCOlxxq0Iwuk5QIR2uuDUKwa0GMQGFYHSdoEI6XHGrQjC6TlAhHa64VSEYXSeokA5X3KoQjK4TVEiHK25VCEbXCV4Q0vmQb2lVyJhJhShkjMDYOl6IQsYIjK3jhShkjMDYOl6IQsYIjK3zNRcyxhWvoxCMrhNUSIcrblUIRtcJKqTDFbcqBKPrBBXS4YpbFYLRdYIK6XDFrQrB6DpBhUSu54cKOc88vqiQiOf8UCHnmccXFRLxnB8q5Dzz+KJCIp7zQ4WcZx5fVEjEc36okPPM44sKiXg6w9SqkETnwkwhF6CnJxWS6FyYKeQC9PSkQhKdCzOFXICenlRIonNhppAL0NOTfwAAAP//SAqCPgAAAAZJREFUAwDdxMgA99lp8AAAAABJRU5ErkJggg=="`;

exports[`visual rendering > crop > golden snapshot: tiling crop 1`] = `"data:image/png;base64,iVBORw0KGgoAAAANSUhEUgAAAGQAAABkCAYAAABw4pVUAAACLElEQVR4AeyT0U1EQQwDn2iMEiiVEigN2AaCNJKz5jRI7yvYyc1o357n+3v6Pp+P+R+m8OJscdXIa7rj/fn6k+WvkMe/IgIKKZJxTlHIoVD0KaRIxjlFIYdC0aeQIhnnFIUcCkWfQopknFMUcigUfRkhRT/wv52ikDJjClFIGYGyc3whCikjUHaOL0QhZQTKzvGFKKSMQNk5/+mFlKHLnKOQDFfcqhCMLhNUSIYrblUIRpcJKiTDFbcqBKPLBBWS4YpbFYLRZYIKyXDFrQrB6DJBhWS44laFYHSZoEIyXHGrQjC6TFAhGa64VSEYXSaokAxX3KoQjC4TVEiGK25VCEY3BvFQIRhdJqiQDFfcqhCMLhNUSIYrblUIRpcJKiTDFbcqBKPLBBWS4YpbFYLRZYIKyXDFraMQ3GoQE1AIRpcJKiTDFbcqBKPLBBWS4YpbFYLRZYIKyXDFrQrB6DJBhWS44laFYHSZ4AUhmR/yKq0KKTOpEIWUESg7xxeikDICZef4QhRSRqDsHF+IQsoIlJ3zMi+kjCs+RyEYXSaokAxX3KoQjC4TVEiGK25VCEaXCSokwxW3KgSjywQVkuGKWxWC0WWCChm57g8Vss983KiQEc/+UCH7zMeNChnx7A8Vss983KiQEc/+UCH7zMeNChnx7A8Vss983KiQEU9mOLUqZKJzYaaQC9CnlQqZ6FyYKeQC9GmlQiY6F2YKuQB9WqmQic6FmUIuQJ9W/gAAAP//d08fjQAAAAZJREFUAwClq8f/sEOe3AAAAABJRU5ErkJggg=="`;
